候補リスト提示結果
==================================================

エラー: Error generating candidates: Invalid optimization result file format: Allocations e166b244-fef3-4e00-aedc-f7e193553c1b and bfd007f3-1fbf-42a6-a113-b0398d19acb2 overlap (considering 28-day fallow period)
Traceback (most recent call last):
  File "/home/akishige/projects/agrr.core/src/agrr_core/adapter/gateways/allocation_result_file_gateway.py", line 152, in get
    schedule = FieldSchedule(
  File "<string>", line 10, in __init__
  File "/home/akishige/projects/agrr.core/src/agrr_core/entity/entities/field_schedule_entity.py", line 66, in __post_init__
    raise ValueError(
ValueError: Allocations e166b244-fef3-4e00-aedc-f7e193553c1b and bfd007f3-1fbf-42a6-a113-b0398d19acb2 overlap (considering 28-day fallow period)

During handling of the above exception, another exception occurred:

Traceback (most recent call last):
  File "/home/akishige/projects/agrr.core/src/agrr_core/usecase/interactors/candidate_suggestion_interactor.py", line 85, in execute
    allocation_result = await self._allocation_result_gateway.get()
  File "/home/akishige/projects/agrr.core/src/agrr_core/adapter/gateways/allocation_result_file_gateway.py", line 191, in get
    raise ValueError(f"Invalid optimization result file format: {e}")
ValueError: Invalid optimization result file format: Allocations e166b244-fef3-4e00-aedc-f7e193553c1b and bfd007f3-1fbf-42a6-a113-b0398d19acb2 overlap (considering 28-day fallow period)

